[
    {
        "auditStatuses": [
            "NO_PULL_REQ_FOR_DATE_RANGE"
        ],
        "lastUpdated": 1516207276877,
        "scmUrl": "https://mygithub.com/compliance-scenario/0-new-repo",
        "scmBranch": "master"
    },
    {
        "auditStatuses": [
            "DIRECT_COMMITS_TO_BASE_FIRST_COMMIT",
            "SCM_AUTHOR_LOGIN_INVALID"
        ],
        "lastUpdated": 1516207276877,
        "commits": [
            {
                "scmUrl": "https://mygithub.com/compliance-scenario/0-new-repo",
                "scmBranch": "master",
                "scmRevisionNumber": "d7f70564ca44d551edd7f99a4835e4e8f828e799",
                "scmCommitLog": "Initial commit",
                "scmAuthor": "Author, One",
                "scmAuthorLogin": "ghone",
                "scmParentRevisionNumbers": [],
                "scmCommitTimestamp": 1510954410000,
                "numberOfChanges": 1,
                "type": "New",
                "id": "5a5f779f6fa3ba5285b97513",
                "collectorItemId": "5a4e524333ec296b81c3936f",
                "timestamp": 1516205983089,
                "firstEverCommit": true
            }
        ],
        "scmUrl": "https://mygithub.com/compliance-scenario/0-new-repo",
        "scmBranch": "master"
    }
]