[
    {
        "auditStatuses": [
            "NO_PULL_REQ_FOR_DATE_RANGE"
        ],
        "lastUpdated": 1516207277235,
        "scmUrl": "https://mygithub.com/compliance-scenario/1-direct-commit",
        "scmBranch": "master"
    },
    {
        "auditStatuses": [
            "SCM_AUTHOR_LOGIN_INVALID",
            "DIRECT_COMMITS_TO_BASE_FIRST_COMMIT",
            "DIRECT_COMMITS_TO_BASE"
        ],
        "lastUpdated": 1516207277235,
        "commits": [
            {
                "scmUrl": "https://mygithub.com/compliance-scenario/1-direct-commit",
                "scmBranch": "master",
                "scmRevisionNumber": "be77363387d4500c33981d70cfab71f9b98b9801",
                "scmCommitLog": "a direct commit",
                "scmAuthor": "Author, One",
                "scmAuthorLogin": "ghone",
                "scmParentRevisionNumbers": [
                    "e7e55923e69eb485d77e21ad262d828e9b57fe7a"
                ],
                "scmCommitTimestamp": 1510954482000,
                "numberOfChanges": 1,
                "type": "New",
                "id": "5a5f779f6fa3ba5285b97514",
                "collectorItemId": "5a4e526f33ec296b81c39364",
                "timestamp": 1516205983277,
                "firstEverCommit": false
            },
            {
                "scmUrl": "https://mygithub.com/compliance-scenario/1-direct-commit",
                "scmBranch": "master",
                "scmRevisionNumber": "e7e55923e69eb485d77e21ad262d828e9b57fe7a",
                "scmCommitLog": "Initial commit",
                "scmAuthor": "Author, One",
                "scmAuthorLogin": "ghone",
                "scmParentRevisionNumbers": [],
                "scmCommitTimestamp": 1510954460000,
                "numberOfChanges": 1,
                "type": "New",
                "id": "5a5f779f6fa3ba5285b97515",
                "collectorItemId": "5a4e526f33ec296b81c39364",
                "timestamp": 1516205983277,
                "firstEverCommit": true
            }
        ],
        "scmUrl": "https://mygithub.com/compliance-scenario/1-direct-commit",
        "scmBranch": "master"
    }
]