[
    {
        "auditStatuses": [
            "GIT_BRANCH_STRATEGY",
            "COMMITAUTHOR_EQ_MERGECOMMITER",
            "PULLREQ_NOT_PEER_REVIEWED"
        ],
        "lastUpdated": 1516207277660,
        "pullRequest": {
            "scmUrl": "https://mygithub.com/compliance-scenario/2-unreviewed-merge",
            "scmBranch": "master",
            "scmRevisionNumber": "f0ba1758050c55c8bb13fd2e71df2a850ceb00a2",
            "scmCommitLog": "merging commit to dev into master",
            "scmCommitTimestamp": 1510954679000,
            "numberOfChanges": 0,
            "id": "5a5f779f6fa3ba5285b97519",
            "orgName": "compliance-scenario",
            "repoName": "2-unreviewed-merge",
            "sourceRepo": "compliance-scenario/2-unreviewed-merge",
            "sourceBranch": "dev",
            "targetRepo": "compliance-scenario/2-unreviewed-merge",
            "targetBranch": "master",
            "number": "1",
            "collectorItemId": "5a4e529833ec296b81c3936a",
            "updatedAt": 1510954679000,
            "createdAt": 1510954673000,
            "closedAt": 0,
            "state": "merged",
            "mergedAt": 1510954679000,
            "timestamp": 1510954673000,
            "resolutiontime": 0,
            "userId": "ghone",
            "comments": [],
            "reviews": [],
            "headSha": "b7e2a7b6610d044a560ffa450789728a5ff24206",
            "baseSha": "f0ba1758050c55c8bb13fd2e71df2a850ceb00a2",
            "requestType": "pull",
            "commits": [
                {
                    "scmRevisionNumber": "b7e2a7b6610d044a560ffa450789728a5ff24206",
                    "scmCommitLog": "a commit to dev",
                    "scmAuthor": "Author, One",
                    "scmAuthorLogin": "ghone",
                    "scmParentRevisionNumbers": [
                        "3913c72e49a7247c617607d5da2089be6a85dc6a"
                    ],
                    "scmCommitTimestamp": 1510954634000,
                    "numberOfChanges": 0,
                    "timestamp": 0,
                    "firstEverCommit": false
                }
            ]
        },
        "commits": [
            {
                "scmRevisionNumber": "b7e2a7b6610d044a560ffa450789728a5ff24206",
                "scmCommitLog": "a commit to dev",
                "scmAuthor": "Author, One",
                "scmAuthorLogin": "ghone",
                "scmParentRevisionNumbers": [
                    "3913c72e49a7247c617607d5da2089be6a85dc6a"
                ],
                "scmCommitTimestamp": 1510954634000,
                "numberOfChanges": 0,
                "timestamp": 0,
                "firstEverCommit": false
            }
        ],
        "scmUrl": "https://mygithub.com/compliance-scenario/2-unreviewed-merge",
        "scmBranch": "master"
    },
    {
        "auditStatuses": [
            "DIRECT_COMMITS_TO_BASE_FIRST_COMMIT",
            "SCM_AUTHOR_LOGIN_INVALID"
        ],
        "lastUpdated": 1516207277660,
        "commits": [
            {
                "scmUrl": "https://mygithub.com/compliance-scenario/2-unreviewed-merge",
                "scmBranch": "master",
                "scmRevisionNumber": "3913c72e49a7247c617607d5da2089be6a85dc6a",
                "scmCommitLog": "Initial commit",
                "scmAuthor": "Author, One",
                "scmAuthorLogin": "ghone",
                "scmParentRevisionNumbers": [],
                "scmCommitTimestamp": 1510954555000,
                "numberOfChanges": 1,
                "type": "New",
                "id": "5a5f779f6fa3ba5285b97518",
                "collectorItemId": "5a4e529833ec296b81c3936a",
                "timestamp": 1516205983512,
                "firstEverCommit": true
            }
        ],
        "scmUrl": "https://mygithub.com/compliance-scenario/2-unreviewed-merge",
        "scmBranch": "master"
    }
]