[
    {
        "auditStatuses": [
            "GIT_BRANCH_STRATEGY",
            "COMMITAUTHOR_EQ_MERGECOMMITER",
            "PULLREQ_NOT_PEER_REVIEWED"
        ],
        "lastUpdated": 1516207278122,
        "pullRequest": {
            "scmUrl": "https://mygithub.com/compliance-scenario/3-github-comment-merge",
            "scmBranch": "master",
            "scmRevisionNumber": "70cd0959030cfbe1bf41259f4db9708997393504",
            "scmCommitLog": "merging a commit to dev into master with only a github comment review (no approval)",
            "scmCommitTimestamp": 1511190522000,
            "numberOfChanges": 0,
            "id": "5a5f779f6fa3ba5285b9751d",
            "orgName": "compliance-scenario",
            "repoName": "3-github-comment-merge",
            "sourceRepo": "compliance-scenario/3-github-comment-merge",
            "sourceBranch": "dev",
            "targetRepo": "compliance-scenario/3-github-comment-merge",
            "targetBranch": "master",
            "number": "1",
            "collectorItemId": "5a4e52bc33ec296b81c3936f",
            "updatedAt": 1511190522000,
            "createdAt": 1510955074000,
            "closedAt": 0,
            "state": "merged",
            "mergedAt": 1511190522000,
            "timestamp": 1510955074000,
            "resolutiontime": 2,
            "userId": "ghone",
            "comments": [],
            "reviews": [
                {
                    "body": "some random comment",
                    "state": "COMMENTED",
                    "author": "ghtwo",
                    "createdAt": 1511190486000,
                    "updatedAt": 1511190486000
                }
            ],
            "headSha": "8ac97dd222290b4c31d9c119ca7e42b632802068",
            "baseSha": "70cd0959030cfbe1bf41259f4db9708997393504",
            "requestType": "pull",
            "commits": [
                {
                    "scmRevisionNumber": "8ac97dd222290b4c31d9c119ca7e42b632802068",
                    "scmCommitLog": "a commit to dev",
                    "scmAuthor": "Author, One",
                    "scmAuthorLogin": "ghone",
                    "scmParentRevisionNumbers": [
                        "91dc75834718320ae7ee14a6455d0402ad066026"
                    ],
                    "scmCommitTimestamp": 1510954840000,
                    "numberOfChanges": 0,
                    "timestamp": 0,
                    "firstEverCommit": false
                }
            ]
        },
        "commits": [
            {
                "scmRevisionNumber": "8ac97dd222290b4c31d9c119ca7e42b632802068",
                "scmCommitLog": "a commit to dev",
                "scmAuthor": "Author, One",
                "scmAuthorLogin": "ghone",
                "scmParentRevisionNumbers": [
                    "91dc75834718320ae7ee14a6455d0402ad066026"
                ],
                "scmCommitTimestamp": 1510954840000,
                "numberOfChanges": 0,
                "timestamp": 0,
                "firstEverCommit": false
            }
        ],
        "scmUrl": "https://mygithub.com/compliance-scenario/3-github-comment-merge",
        "scmBranch": "master"
    },
    {
        "auditStatuses": [
            "DIRECT_COMMITS_TO_BASE_FIRST_COMMIT",
            "SCM_AUTHOR_LOGIN_INVALID"
        ],
        "lastUpdated": 1516207278122,
        "commits": [
            {
                "scmUrl": "https://mygithub.com/compliance-scenario/3-github-comment-merge",
                "scmBranch": "master",
                "scmRevisionNumber": "91dc75834718320ae7ee14a6455d0402ad066026",
                "scmCommitLog": "Initial commit",
                "scmAuthor": "Author, One",
                "scmAuthorLogin": "ghone",
                "scmParentRevisionNumbers": [],
                "scmCommitTimestamp": 1510954779000,
                "numberOfChanges": 1,
                "type": "New",
                "id": "5a5f779f6fa3ba5285b9751c",
                "collectorItemId": "5a4e52bc33ec296b81c3936f",
                "timestamp": 1516205983755,
                "firstEverCommit": true
            }
        ],
        "scmUrl": "https://mygithub.com/compliance-scenario/3-github-comment-merge",
        "scmBranch": "master"
    }
]