[
    {
        "auditStatuses": [
            "PEER_REVIEW_GHR",
            "COMMITAUTHOR_EQ_MERGECOMMITER",
            "PULLREQ_REVIEWED_BY_PEER",
            "GIT_BRANCH_STRATEGY"
        ],
        "lastUpdated": 1516207278547,
        "pullRequest": {
            "scmUrl": "https://mygithub.com/compliance-scenario/4-github-review-merge",
            "scmBranch": "master",
            "scmRevisionNumber": "c346f79cdcd5c9430b2f3c119d04c0c4fa922455",
            "scmCommitLog": "merging a commit to dev into master with a github review approval",
            "scmCommitTimestamp": 1511190544000,
            "numberOfChanges": 0,
            "id": "5a5f77a06fa3ba5285b97521",
            "orgName": "compliance-scenario",
            "repoName": "4-github-review-merge",
            "sourceRepo": "compliance-scenario/4-github-review-merge",
            "sourceBranch": "dev",
            "targetRepo": "compliance-scenario/4-github-review-merge",
            "targetBranch": "master",
            "number": "1",
            "collectorItemId": "5a4e52f033ec296b81c39374",
            "updatedAt": 1511190544000,
            "createdAt": 1510955164000,
            "closedAt": 0,
            "state": "merged",
            "mergedAt": 1511190544000,
            "timestamp": 1510955164000,
            "resolutiontime": 2,
            "userId": "ghone",
            "comments": [],
            "reviews": [
                {
                    "body": "some random comment",
                    "state": "APPROVED",
                    "author": "ghtwo",
                    "createdAt": 1511190508000,
                    "updatedAt": 1511190508000
                }
            ],
            "headSha": "936072cc3a494c2ba1f72f27e2cfa28efb762b6b",
            "baseSha": "c346f79cdcd5c9430b2f3c119d04c0c4fa922455",
            "requestType": "pull",
            "commits": [
                {
                    "scmRevisionNumber": "936072cc3a494c2ba1f72f27e2cfa28efb762b6b",
                    "scmCommitLog": "a commit to dev",
                    "scmAuthor": "Author, One",
                    "scmAuthorLogin": "ghone",
                    "scmParentRevisionNumbers": [
                        "4c0574a19cdd44b88ce9ca729309e81af2abb875"
                    ],
                    "scmCommitTimestamp": 1510955126000,
                    "numberOfChanges": 0,
                    "timestamp": 0,
                    "firstEverCommit": false
                }
            ]
        },
        "commits": [
            {
                "scmRevisionNumber": "936072cc3a494c2ba1f72f27e2cfa28efb762b6b",
                "scmCommitLog": "a commit to dev",
                "scmAuthor": "Author, One",
                "scmAuthorLogin": "ghone",
                "scmParentRevisionNumbers": [
                    "4c0574a19cdd44b88ce9ca729309e81af2abb875"
                ],
                "scmCommitTimestamp": 1510955126000,
                "numberOfChanges": 0,
                "timestamp": 0,
                "firstEverCommit": false
            }
        ],
        "scmUrl": "https://mygithub.com/compliance-scenario/4-github-review-merge",
        "scmBranch": "master"
    },
    {
        "auditStatuses": [
            "DIRECT_COMMITS_TO_BASE_FIRST_COMMIT",
            "SCM_AUTHOR_LOGIN_INVALID"
        ],
        "lastUpdated": 1516207278547,
        "commits": [
            {
                "scmUrl": "https://mygithub.com/compliance-scenario/4-github-review-merge",
                "scmBranch": "master",
                "scmRevisionNumber": "4c0574a19cdd44b88ce9ca729309e81af2abb875",
                "scmCommitLog": "Initial commit",
                "scmAuthor": "Author, One",
                "scmAuthorLogin": "ghone",
                "scmParentRevisionNumbers": [],
                "scmCommitTimestamp": 1510955103000,
                "numberOfChanges": 1,
                "type": "New",
                "id": "5a5f77a06fa3ba5285b97520",
                "collectorItemId": "5a4e52f033ec296b81c39374",
                "timestamp": 1516205984008,
                "firstEverCommit": true
            }
        ],
        "scmUrl": "https://mygithub.com/compliance-scenario/4-github-review-merge",
        "scmBranch": "master"
    }
]