[
    {
        "auditStatuses": [
            "PEER_REVIEW_LGTM_SELF_APPROVAL",
            "GIT_BRANCH_STRATEGY",
            "COMMITAUTHOR_EQ_MERGECOMMITER",
            "PEER_REVIEW_LGTM_SUCCESS",
            "PULLREQ_NOT_PEER_REVIEWED"
        ],
        "lastUpdated": 1516207278996,
        "pullRequest": {
            "scmUrl": "https://mygithub.com/compliance-scenario/5-lgtm-self-merge",
            "scmBranch": "master",
            "scmRevisionNumber": "3381055da77c47dd8420cad210bac61a42e3adbd",
            "scmCommitLog": "merging a commit to dev into master with an LGTM self review",
            "scmCommitTimestamp": 1510956337000,
            "numberOfChanges": 0,
            "id": "5a5f77a06fa3ba5285b9752a",
            "orgName": "compliance-scenario",
            "repoName": "5-lgtm-self-merge",
            "sourceRepo": "compliance-scenario/5-lgtm-self-merge",
            "sourceBranch": "dev",
            "targetRepo": "compliance-scenario/5-lgtm-self-merge",
            "targetBranch": "master",
            "number": "3",
            "collectorItemId": "5a4e531c33ec296b81c3937a",
            "updatedAt": 1510956337000,
            "createdAt": 1510956102000,
            "closedAt": 0,
            "state": "merged",
            "mergedAt": 1510956337000,
            "timestamp": 1510956102000,
            "resolutiontime": 0,
            "userId": "ghone",
            "comments": [
                {
                    "user": "ghone",
                    "createdAt": 1510956198000,
                    "updatedAt": 1510956198000,
                    "body": "lgtm",
                    "status": ""
                },
                {
                    "user": "ghone",
                    "createdAt": 1510956257000,
                    "updatedAt": 1510956257000,
                    "body": "take two - lgtm",
                    "status": ""
                },
                {
                    "user": "ghone",
                    "createdAt": 1510956281000,
                    "updatedAt": 1510956281000,
                    "body": "LGTM",
                    "status": ""
                }
            ],
            "reviews": [],
            "commitStatuses": [
                {
                    "state": "SUCCESS",
                    "context": "approvals/lgtmeow",
                    "description": "approved by ghone"
                }
            ],
            "headSha": "88686c457f96ed1383e66a0f36e4942d091992ae",
            "baseSha": "3381055da77c47dd8420cad210bac61a42e3adbd",
            "requestType": "pull",
            "commits": [
                {
                    "scmRevisionNumber": "f76291ec81860eb046f7ab3789f7730c5e9b3548",
                    "scmCommitLog": "a commit to dev",
                    "scmAuthor": "Author, One",
                    "scmAuthorLogin": "ghone",
                    "scmParentRevisionNumbers": [
                        "2572585fce792204731df381071b4e3950c372a8"
                    ],
                    "scmCommitTimestamp": 1510955202000,
                    "numberOfChanges": 0,
                    "timestamp": 0,
                    "firstEverCommit": false
                },
                {
                    "scmRevisionNumber": "1f36ad7ad6ae547cd9e683786c0dd26bd4ad2839",
                    "scmCommitLog": "Merge branch 'master' into dev",
                    "scmAuthor": "Author, One",
                    "scmAuthorLogin": "ghone",
                    "scmParentRevisionNumbers": [
                        "f76291ec81860eb046f7ab3789f7730c5e9b3548",
                        "cd3a16a119085e8394c240653911c350029a5210"
                    ],
                    "scmCommitTimestamp": 1510956167000,
                    "numberOfChanges": 0,
                    "timestamp": 0,
                    "firstEverCommit": false
                },
                {
                    "scmRevisionNumber": "88686c457f96ed1383e66a0f36e4942d091992ae",
                    "scmCommitLog": "Merge branch 'master' into dev",
                    "scmAuthor": "Author, One",
                    "scmAuthorLogin": "ghone",
                    "scmParentRevisionNumbers": [
                        "1f36ad7ad6ae547cd9e683786c0dd26bd4ad2839",
                        "af6044794953ffdcb7e973b8db53ee79b5e1e807"
                    ],
                    "scmCommitTimestamp": 1510956239000,
                    "numberOfChanges": 0,
                    "timestamp": 0,
                    "firstEverCommit": false
                }
            ]
        },
        "commits": [
            {
                "scmRevisionNumber": "f76291ec81860eb046f7ab3789f7730c5e9b3548",
                "scmCommitLog": "a commit to dev",
                "scmAuthor": "Author, One",
                "scmAuthorLogin": "ghone",
                "scmParentRevisionNumbers": [
                    "2572585fce792204731df381071b4e3950c372a8"
                ],
                "scmCommitTimestamp": 1510955202000,
                "numberOfChanges": 0,
                "timestamp": 0,
                "firstEverCommit": false
            },
            {
                "scmRevisionNumber": "1f36ad7ad6ae547cd9e683786c0dd26bd4ad2839",
                "scmCommitLog": "Merge branch 'master' into dev",
                "scmAuthor": "Author, One",
                "scmAuthorLogin": "ghone",
                "scmParentRevisionNumbers": [
                    "f76291ec81860eb046f7ab3789f7730c5e9b3548",
                    "cd3a16a119085e8394c240653911c350029a5210"
                ],
                "scmCommitTimestamp": 1510956167000,
                "numberOfChanges": 0,
                "timestamp": 0,
                "firstEverCommit": false
            },
            {
                "scmRevisionNumber": "88686c457f96ed1383e66a0f36e4942d091992ae",
                "scmCommitLog": "Merge branch 'master' into dev",
                "scmAuthor": "Author, One",
                "scmAuthorLogin": "ghone",
                "scmParentRevisionNumbers": [
                    "1f36ad7ad6ae547cd9e683786c0dd26bd4ad2839",
                    "af6044794953ffdcb7e973b8db53ee79b5e1e807"
                ],
                "scmCommitTimestamp": 1510956239000,
                "numberOfChanges": 0,
                "timestamp": 0,
                "firstEverCommit": false
            }
        ],
        "scmUrl": "https://mygithub.com/compliance-scenario/5-lgtm-self-merge",
        "scmBranch": "master"
    },
    {
        "auditStatuses": [
            "SCM_AUTHOR_LOGIN_INVALID",
            "DIRECT_COMMITS_TO_BASE_FIRST_COMMIT",
            "DIRECT_COMMITS_TO_BASE"
        ],
        "lastUpdated": 1516207278996,
        "commits": [
            {
                "scmUrl": "https://mygithub.com/compliance-scenario/5-lgtm-self-merge",
                "scmBranch": "master",
                "scmRevisionNumber": "af6044794953ffdcb7e973b8db53ee79b5e1e807",
                "scmCommitLog": "Update .lgtmeow",
                "scmAuthor": "Author, One",
                "scmAuthorLogin": "ghone",
                "scmParentRevisionNumbers": [
                    "cd3a16a119085e8394c240653911c350029a5210"
                ],
                "scmCommitTimestamp": 1510956226000,
                "numberOfChanges": 1,
                "type": "New",
                "id": "5a5f77a06fa3ba5285b97524",
                "collectorItemId": "5a4e531c33ec296b81c3937a",
                "timestamp": 1516205984315,
                "firstEverCommit": false
            },
            {
                "scmUrl": "https://mygithub.com/compliance-scenario/5-lgtm-self-merge",
                "scmBranch": "master",
                "scmRevisionNumber": "cd3a16a119085e8394c240653911c350029a5210",
                "scmCommitLog": "Create MAINTAINERS",
                "scmAuthor": "Author, One",
                "scmAuthorLogin": "ghone",
                "scmParentRevisionNumbers": [
                    "4e003d7276915eff66177611bd9a8f4cea0d4ef8"
                ],
                "scmCommitTimestamp": 1510955812000,
                "numberOfChanges": 1,
                "type": "New",
                "id": "5a5f77a06fa3ba5285b97526",
                "collectorItemId": "5a4e531c33ec296b81c3937a",
                "timestamp": 1516205984315,
                "firstEverCommit": false
            },
            {
                "scmUrl": "https://mygithub.com/compliance-scenario/5-lgtm-self-merge",
                "scmBranch": "master",
                "scmRevisionNumber": "4e003d7276915eff66177611bd9a8f4cea0d4ef8",
                "scmCommitLog": "Create .lgtmeow",
                "scmAuthor": "Author, One",
                "scmAuthorLogin": "ghone",
                "scmParentRevisionNumbers": [
                    "2572585fce792204731df381071b4e3950c372a8"
                ],
                "scmCommitTimestamp": 1510955752000,
                "numberOfChanges": 1,
                "type": "New",
                "id": "5a5f77a06fa3ba5285b97527",
                "collectorItemId": "5a4e531c33ec296b81c3937a",
                "timestamp": 1516205984315,
                "firstEverCommit": false
            },
            {
                "scmUrl": "https://mygithub.com/compliance-scenario/5-lgtm-self-merge",
                "scmBranch": "master",
                "scmRevisionNumber": "2572585fce792204731df381071b4e3950c372a8",
                "scmCommitLog": "Initial commit",
                "scmAuthor": "Author, One",
                "scmAuthorLogin": "ghone",
                "scmParentRevisionNumbers": [],
                "scmCommitTimestamp": 1510955182000,
                "numberOfChanges": 1,
                "type": "New",
                "id": "5a5f77a06fa3ba5285b97529",
                "collectorItemId": "5a4e531c33ec296b81c3937a",
                "timestamp": 1516205984315,
                "firstEverCommit": true
            }
        ],
        "scmUrl": "https://mygithub.com/compliance-scenario/5-lgtm-self-merge",
        "scmBranch": "master"
    }
]