[
    {
        "auditStatuses": [
            "GIT_BRANCH_STRATEGY",
            "PULLREQ_REVIEWED_BY_PEER",
            "COMMITAUTHOR_EQ_MERGECOMMITER",
            "PEER_REVIEW_LGTM_SUCCESS"
        ],
        "lastUpdated": 1516207279403,
        "pullRequest": {
            "scmUrl": "https://mygithub.com/compliance-scenario/6-lgtm-merge",
            "scmBranch": "master",
            "scmRevisionNumber": "957f1c8453289826c52cdbed266937f1c892718d",
            "scmCommitLog": "merging a commit to dev into master after an LGTM peer review",
            "scmCommitTimestamp": 1511190554000,
            "numberOfChanges": 0,
            "id": "5a5f77a06fa3ba5285b97532",
            "orgName": "compliance-scenario",
            "repoName": "6-lgtm-merge",
            "sourceRepo": "compliance-scenario/6-lgtm-merge",
            "sourceBranch": "dev",
            "targetRepo": "compliance-scenario/6-lgtm-merge",
            "targetBranch": "master",
            "number": "1",
            "collectorItemId": "5a4e533e33ec296b81c3937f",
            "updatedAt": 1511190554000,
            "createdAt": 1510956733000,
            "closedAt": 0,
            "state": "merged",
            "mergedAt": 1511190554000,
            "timestamp": 1510956733000,
            "resolutiontime": 2,
            "userId": "ghone",
            "comments": [
                {
                    "user": "ghtwo",
                    "createdAt": 1511190526000,
                    "updatedAt": 1511190526000,
                    "body": "LGTM",
                    "status": ""
                }
            ],
            "reviews": [],
            "commitStatuses": [
                {
                    "state": "SUCCESS",
                    "context": "approvals/lgtmeow",
                    "description": "approved by ghthree"
                }
            ],
            "headSha": "d49647538a83c16c2fbb6ac796f03ce31bba43ae",
            "baseSha": "957f1c8453289826c52cdbed266937f1c892718d",
            "requestType": "pull",
            "commits": [
                {
                    "scmRevisionNumber": "d49647538a83c16c2fbb6ac796f03ce31bba43ae",
                    "scmCommitLog": "a commit to dev",
                    "scmAuthor": "Author, One",
                    "scmAuthorLogin": "ghone",
                    "scmParentRevisionNumbers": [
                        "af139cb3f030a26d4201106948b46285413e2b0a"
                    ],
                    "scmCommitTimestamp": 1510956604000,
                    "numberOfChanges": 0,
                    "timestamp": 0,
                    "firstEverCommit": false
                }
            ]
        },
        "commits": [
            {
                "scmRevisionNumber": "d49647538a83c16c2fbb6ac796f03ce31bba43ae",
                "scmCommitLog": "a commit to dev",
                "scmAuthor": "Author, One",
                "scmAuthorLogin": "ghone",
                "scmParentRevisionNumbers": [
                    "af139cb3f030a26d4201106948b46285413e2b0a"
                ],
                "scmCommitTimestamp": 1510956604000,
                "numberOfChanges": 0,
                "timestamp": 0,
                "firstEverCommit": false
            }
        ],
        "scmUrl": "https://mygithub.com/compliance-scenario/6-lgtm-merge",
        "scmBranch": "master"
    },
    {
        "auditStatuses": [
            "SCM_AUTHOR_LOGIN_INVALID",
            "DIRECT_COMMITS_TO_BASE_FIRST_COMMIT",
            "DIRECT_COMMITS_TO_BASE"
        ],
        "lastUpdated": 1516207279403,
        "commits": [
            {
                "scmUrl": "https://mygithub.com/compliance-scenario/6-lgtm-merge",
                "scmBranch": "master",
                "scmRevisionNumber": "af139cb3f030a26d4201106948b46285413e2b0a",
                "scmCommitLog": "Create MAINTAINERS",
                "scmAuthor": "Author, One",
                "scmAuthorLogin": "ghone",
                "scmParentRevisionNumbers": [
                    "a0f88314dab112ddc071d8a0e9088aa9a7132853"
                ],
                "scmCommitTimestamp": 1510956472000,
                "numberOfChanges": 1,
                "type": "New",
                "id": "5a5f77a06fa3ba5285b9752f",
                "collectorItemId": "5a4e533e33ec296b81c3937f",
                "timestamp": 1516205984565,
                "firstEverCommit": false
            },
            {
                "scmUrl": "https://mygithub.com/compliance-scenario/6-lgtm-merge",
                "scmBranch": "master",
                "scmRevisionNumber": "a0f88314dab112ddc071d8a0e9088aa9a7132853",
                "scmCommitLog": "Create .lgtmeow",
                "scmAuthor": "Author, One",
                "scmAuthorLogin": "ghone",
                "scmParentRevisionNumbers": [
                    "f0f6bbe113df423e83fa1202e7ccafcde79e9460"
                ],
                "scmCommitTimestamp": 1510956438000,
                "numberOfChanges": 1,
                "type": "New",
                "id": "5a5f77a06fa3ba5285b97530",
                "collectorItemId": "5a4e533e33ec296b81c3937f",
                "timestamp": 1516205984565,
                "firstEverCommit": false
            },
            {
                "scmUrl": "https://mygithub.com/compliance-scenario/6-lgtm-merge",
                "scmBranch": "master",
                "scmRevisionNumber": "f0f6bbe113df423e83fa1202e7ccafcde79e9460",
                "scmCommitLog": "Initial commit",
                "scmAuthor": "Author, One",
                "scmAuthorLogin": "ghone",
                "scmParentRevisionNumbers": [],
                "scmCommitTimestamp": 1510956408000,
                "numberOfChanges": 1,
                "type": "New",
                "id": "5a5f77a06fa3ba5285b97531",
                "collectorItemId": "5a4e533e33ec296b81c3937f",
                "timestamp": 1516205984565,
                "firstEverCommit": true
            }
        ],
        "scmUrl": "https://mygithub.com/compliance-scenario/6-lgtm-merge",
        "scmBranch": "master"
    }
]