[
  {
    "auditStatuses": [
      "PULLREQ_REVIEWED_BY_PEER",
      "COMMITAUTHOR_EQ_MERGECOMMITER",
      "PEER_REVIEW_GHR",
      "GIT_BRANCH_STRATEGY"
    ],
    "lastUpdated": 1534257790463,
    "pullRequest": {
      "scmUrl": "https://mygithub.com/Devopscode/MultipleAuthorsGHRLGTM",
      "scmBranch": "master",
      "scmRevisionNumber": "c7e46107d9df0a652d4088c214b38dbec5f144ea",
      "scmMergeEventRevisionNumber": "c7e46107d9df0a652d4088c214b38dbec5f144ea",
      "scmCommitLog": "AMI ID Update, DEV-QA-PT AMI Update",
      "scmCommitTimestamp": 1533835519000,
      "numberOfChanges": 3,
      "id": "5b72e8e4964ed8840546d28b",
      "orgName": "Devopscode",
      "repoName": "MultipleAuthorsLGTMGHR",
      "sourceRepo": "Devopscode/MultipleAuthorsLGTMGHR",
      "sourceBranch": "AMIUpdate",
      "targetRepo": "Devopscode/MultipleAuthorsLGTMGHR",
      "targetBranch": "master",
      "number": "266",
      "collectorItemId": "5b72e8cf964ed88375851445",
      "updatedAt": 1533835520000,
      "createdAt": 1533834724000,
      "closedAt": 0,
      "state": "merged",
      "mergedAt": 1533835519000,
      "mergeAuthor": "ghone",
      "timestamp": 1534257380522,
      "resolutiontime": 795000,
      "userId": "ghone",
      "comments": [
        {
          "user": "ghtwo",
          "userLDAPDN": "CN=ghtwo,OU=Developers,OU=All Users,DC=myc,DC=ds,DC=mycorp,DC=com",
          "createdAt": 1533835258000,
          "updatedAt": 1533835258000,
          "body": "Message from LGTM -- Someone besides the committers and the PR author should approve the pull request. If this is not possible, the PR author can approve to indicate they have reviewed the other commits in the PR. The PR author must approve with a comment directly on the PR (GitHub Reviews comments will not work).",
          "status": ""
        },
        {
          "user": "ghone",
          "userLDAPDN": "CN=ghone,OU=Developers,OU=All Users,DC=myc,DC=ds,DC=mycorp,DC=com",
          "createdAt": 1533835397000,
          "updatedAt": 1533835397000,
          "body": "lgtm",
          "status": ""
        }
      ],
      "reviews": [
        {
          "body": "lgtm",
          "state": "APPROVED",
          "author": "ghtwo",
          "authorLDAPDN": "CN=ghtwo,OU=Developers,OU=All Users,DC=myc,DC=ds,DC=mycorp,DC=com",
          "createdAt": 1533835257000,
          "updatedAt": 1533835257000
        }
      ],
      "commitStatuses": [
        {
          "state": "SUCCESS",
          "context": "approvals/lgtmeow",
          "description": "approved by ghtwo"
        }
      ],
      "headSha": "e518f0444fcdb1ef26122e8da053e5b9655220a8",
      "baseSha": "a0de0992e284f893da53b5e68bfbb2051a6159d1",
      "requestType": "pull",
      "commits": [
        {
          "scmRevisionNumber": "e713e56b319a3122bd4f65e85ac4697d137c3f74",
          "scmCommitLog": "Updated link for cloud monitoring script",
          "scmAuthor": "Author One",
          "scmAuthorLogin": "ghone",
          "scmAuthorLDAPDN": "CN=ghone,OU=Developers,OU=All Users,DC=myc,DC=ds,DC=mycorp,DC=com",
          "scmCommitTimestamp": 1533573113000,
          "numberOfChanges": 0,
          "timestamp": 0,
          "firstEverCommit": false
        },
        {
          "scmRevisionNumber": "4438259c60d5ee257bfb1008bc5c9b5b2204761b",
          "scmCommitLog": "Merge pull request #262 from Devopscode/master\n\nAMI Update to Dev",
          "scmAuthor": "Author One",
          "scmAuthorLogin": "ghone",
          "scmAuthorLDAPDN": "CN=ghone,OU=Developers,OU=All Users,DC=myc,DC=ds,DC=mycorp,DC=com",
          "scmCommitTimestamp": 1533580361000,
          "numberOfChanges": 0,
          "timestamp": 0,
          "firstEverCommit": false
        },
        {
          "scmRevisionNumber": "e518f0444fcdb1ef26122e8da053e5b9655220a8",
          "scmCommitLog": "AMI ID update from application at Thu Aug 09 10:24:11 EDT 2018",
          "scmAuthor": "author.two@mycorp.com",
          "scmAuthorLogin": "ghtwo",
          "scmAuthorLDAPDN": "CN=ghtwo,OU=Developers,OU=All Users,DC=myc,DC=ds,DC=mycorp,DC=com",
          "scmCommitTimestamp": 1533824651000,
          "numberOfChanges": 0,
          "timestamp": 0,
          "firstEverCommit": false
        }
      ]
    },
    "commits": [
      {
        "scmRevisionNumber": "e713e56b319a3122bd4f65e85ac4697d137c3f74",
        "scmCommitLog": "Updated link for cloud monitoring script",
        "scmAuthor": "Author One",
        "scmAuthorLogin": "ghone",
        "scmAuthorLDAPDN": "CN=ghone,OU=Developers,OU=All Users,DC=myc,DC=ds,DC=mycorp,DC=com",
        "scmCommitTimestamp": 1533573113000,
        "numberOfChanges": 0,
        "timestamp": 0,
        "firstEverCommit": false
      },
      {
        "scmRevisionNumber": "4438259c60d5ee257bfb1008bc5c9b5b2204761b",
        "scmCommitLog": "Merge pull request #262 from Devopscode/master\n\nAMI Update to Dev",
        "scmAuthor": "Author One",
        "scmAuthorLogin": "ghone",
        "scmAuthorLDAPDN": "CN=ghone,OU=Developers,OU=All Users,DC=myc,DC=ds,DC=mycorp,DC=com",
        "scmCommitTimestamp": 1533580361000,
        "numberOfChanges": 0,
        "timestamp": 0,
        "firstEverCommit": false
      },
      {
        "scmRevisionNumber": "e518f0444fcdb1ef26122e8da053e5b9655220a8",
        "scmCommitLog": "AMI ID update from application at Thu Aug 09 10:24:11 EDT 2018",
        "scmAuthor": "author.two@mycorp.com",
        "scmAuthorLogin": "ghtwo",
        "scmAuthorLDAPDN": "CN=ghtwo,OU=Developers,OU=All Users,DC=myc,DC=ds,DC=mycorp,DC=com",
        "scmCommitTimestamp": 1533824651000,
        "numberOfChanges": 0,
        "timestamp": 0,
        "firstEverCommit": false
      }
    ],
    "scmUrl": "https://mygithub.com/Devopscode/MultipleAuthorsGHRLGTM",
    "scmBranch": "master"
  },
  {
    "auditStatuses": [
      "PULLREQ_REVIEWED_BY_PEER",
      "COMMITAUTHOR_EQ_MERGECOMMITER",
      "PEER_REVIEW_GHR",
      "GIT_BRANCH_STRATEGY"
    ],
    "lastUpdated": 1534257790463,
    "pullRequest": {
      "scmUrl": "https://mygithub.com/Devopscode/MultipleAuthorsGHRLGTM",
      "scmBranch": "master",
      "scmRevisionNumber": "a0de0992e284f893da53b5e68bfbb2051a6159d1",
      "scmMergeEventRevisionNumber": "a0de0992e284f893da53b5e68bfbb2051a6159d1",
      "scmCommitLog": "JIRA DEV CC, JIRA QA CC, JIRA PT CC",
      "scmCommitTimestamp": 1533923204000,
      "numberOfChanges": 3,
      "id": "5b72e8e4964ed8840546d289",
      "orgName": "Devopscode",
      "repoName": "MultipleAuthorsLGTMGHR",
      "sourceRepo": "Devopscode/MultipleAuthorsLGTMGHR",
      "sourceBranch": "dev",
      "targetRepo": "Devopscode/MultipleAuthorsLGTMGHR",
      "targetBranch": "master",
      "number": "267",
      "collectorItemId": "5b72e8cf964ed88375851445",
      "updatedAt": 1533923204000,
      "createdAt": 1533922551000,
      "closedAt": 0,
      "state": "merged",
      "mergedAt": 1533923204000,
      "mergeAuthor": "ghone",
      "timestamp": 1534257380426,
      "resolutiontime": 653000,
      "userId": "ghone",
      "comments": [],
      "reviews": [
        {
          "body": "lgtm",
          "state": "APPROVED",
          "author": "ghtwo",
          "authorLDAPDN": "CN=ghtwo,OU=Developers,OU=All Users,DC=myc,DC=ds,DC=mycorp,DC=com",
          "createdAt": 1533923014000,
          "updatedAt": 1533923014000
        }
      ],
      "commitStatuses": [
        {
          "state": "SUCCESS",
          "context": "testAMICFTUpdate",
          "description": "Stage built successfully"
        },
        {
          "state": "SUCCESS",
          "context": "testCodeChange",
          "description": "Stage built successfully"
        },
        {
          "state": "SUCCESS",
          "context": "continuous-integration/jenkins/branch",
          "description": "This commit looks good"
        },
        {
          "state": "SUCCESS",
          "context": "approvals/lgtmeow",
          "description": "approved by ghtwo"
        }
      ],
      "headSha": "b643a5f7aa7aadc7858f6a5c2baf2073955226fb",
      "baseSha": "a0de0992e284f893da53b5e68bfbb2051a6159d1",
      "requestType": "pull",
      "commits": [
        {
          "scmRevisionNumber": "ef9502674c89dc4f45bb1619f07eebeb4c3cc158",
          "scmCommitLog": "Merge pull request #265 from Devopscode/AMIUpdate\n\nAMI ID Update for CFT Files by application",
          "scmAuthor": "Author One",
          "scmAuthorLogin": "ghone",
          "scmAuthorLDAPDN": "CN=ghone,OU=Developers,OU=All Users,DC=myc,DC=ds,DC=mycorp,DC=com",
          "scmCommitTimestamp": 1533834582000,
          "numberOfChanges": 0,
          "timestamp": 0,
          "firstEverCommit": false
        },
        {
          "scmRevisionNumber": "d389d05920f4fbd0d609ba193889c44be9516fcc",
          "scmCommitLog": "Merge branch 'master' into dev",
          "scmAuthor": "Author One",
          "scmAuthorLogin": "ghone",
          "scmAuthorLDAPDN": "CN=ghone,OU=Developers,OU=All Users,DC=myc,DC=ds,DC=mycorp,DC=com",
          "scmCommitTimestamp": 1533844954000,
          "numberOfChanges": 0,
          "timestamp": 0,
          "firstEverCommit": false
        },
        {
          "scmRevisionNumber": "42d4dbb84bdbce8f7d105ef39a0b64a875707dd6",
          "scmCommitLog": "JIRA TEST CC",
          "scmAuthor": "Author One",
          "scmAuthorLogin": "ghone",
          "scmAuthorLDAPDN": "CN=ghone,OU=Developers,OU=All Users,DC=myc,DC=ds,DC=mycorp,DC=com",
          "scmCommitTimestamp": 1533909401000,
          "numberOfChanges": 0,
          "timestamp": 0,
          "firstEverCommit": false
        }
      ]
    },
    "commits": [
      {
        "scmRevisionNumber": "ef9502674c89dc4f45bb1619f07eebeb4c3cc158",
        "scmCommitLog": "Merge pull request #265 from Devopscode/AMIUpdate\n\nAMI ID Update for CFT Files by application",
        "scmAuthor": "Author One",
        "scmAuthorLogin": "ghone",
        "scmAuthorLDAPDN": "CN=ghone,OU=Developers,OU=All Users,DC=myc,DC=ds,DC=mycorp,DC=com",
        "scmCommitTimestamp": 1533834582000,
        "numberOfChanges": 0,
        "timestamp": 0,
        "firstEverCommit": false
      },
      {
        "scmRevisionNumber": "d389d05920f4fbd0d609ba193889c44be9516fcc",
        "scmCommitLog": "Merge branch 'master' into dev",
        "scmAuthor": "Author One",
        "scmAuthorLogin": "ghone",
        "scmAuthorLDAPDN": "CN=ghone,OU=Developers,OU=All Users,DC=myc,DC=ds,DC=mycorp,DC=com",
        "scmCommitTimestamp": 1533844954000,
        "numberOfChanges": 0,
        "timestamp": 0,
        "firstEverCommit": false
      },
      {
        "scmRevisionNumber": "42d4dbb84bdbce8f7d105ef39a0b64a875707dd6",
        "scmCommitLog": "JIRA TEST CC",
        "scmAuthor": "Author One",
        "scmAuthorLogin": "ghone",
        "scmAuthorLDAPDN": "CN=ghone,OU=Developers,OU=All Users,DC=myc,DC=ds,DC=mycorp,DC=com",
        "scmCommitTimestamp": 1533909401000,
        "numberOfChanges": 0,
        "timestamp": 0,
        "firstEverCommit": false
      }
    ],
    "scmUrl": "https://mygithub.com/Devopscode/MultipleAuthorsGHRLGTM",
    "scmBranch": "master"
  }
]