[
  {
    "auditStatuses": [
      "COMMITAUTHOR_NE_MERGECOMMITER",
      "GIT_FORK_STRATEGY",
      "PEER_REVIEW_GHR",
      "PULLREQ_REVIEWED_BY_PEER"
    ],
    "lastUpdated": 1535574536694,
    "pullRequest": {
      "scmUrl": "https://mygithub.com/Devopscode/NewPrOldCommit",
      "scmBranch": "master",
      "scmRevisionNumber": "c7506064adcca80454cdeea8ea2010687212e40f",
      "scmMergeEventRevisionNumber": "c7506064adcca80454cdeea8ea2010687212e40f",
      "scmCommitLog": "Test merge",
      "scmCommitTimestamp": 1535562696000,
      "numberOfChanges": 3,
      "id": "5b87020560bd8d3cb2e6c379",
      "orgName": "ghone",
      "repoName": "NewPrOldCommit",
      "sourceRepo": "ghtwo/NewPrOldCommit",
      "sourceBranch": "master",
      "targetRepo": "ghone/NewPrOldCommit",
      "targetBranch": "master",
      "number": "2",
      "collectorItemId": "5b87001e60bd8d3c47853f3d",
      "updatedAt": 1535562696000,
      "createdAt": 1535562375000,
      "closedAt": 0,
      "state": "merged",
      "mergedAt": 1535562696000,
      "mergeAuthor": "ghfour",
      "mergeAuthorLDAPDN": "CN=ghfour,OU=Developers,OU=All Users,DC=cof,DC=ds,DC=mycompany,DC=com",
      "timestamp": 1535574532625,
      "resolutiontime": 321000,
      "userId": "ghone",
      "comments": [],
      "reviews": [
        {
          "body": "",
          "state": "APPROVED",
          "author": "ghfour",
          "authorLDAPDN": "CN=ghfour,OU=Developers,OU=All Users,DC=cof,DC=ds,DC=mycompany,DC=com",
          "createdAt": 1535562687000,
          "updatedAt": 1535562687000
        }
      ],
      "headSha": "fd5e060b914e8aaa17a41db988aeabf4656ab224",
      "baseSha": "c7506064adcca80454cdeea8ea2010687212e40f",
      "requestType": "pull",
      "commits": [
        {
          "scmRevisionNumber": "d01c900d5216f41867b198234e8b778b79ad603f",
          "scmCommitLog": "A few updates based on NPE analysis",
          "scmAuthor": "ghthree",
          "scmAuthorLogin": "unknown",
          "scmCommitTimestamp": 1525720774000,
          "numberOfChanges": 0,
          "timestamp": 0,
          "firstEverCommit": false
        },
        {
          "scmRevisionNumber": "a3384eb60c19a2309f14d79e37397ddf756f37b9",
          "scmCommitLog": "A minor update on the import",
          "scmAuthor": "ghthree",
          "scmAuthorLogin": "unknown",
          "scmCommitTimestamp": 1525721091000,
          "numberOfChanges": 0,
          "timestamp": 0,
          "firstEverCommit": false
        },
        {
          "scmRevisionNumber": "fd5e060b914e8aaa17a41db988aeabf4656ab224",
          "scmCommitLog": "Merge pull request #5 from ghthree/master\n\nUpdates based on the NPE analysis on the API layer",
          "scmAuthor": "ghone",
          "scmAuthorLogin": "ghone",
          "scmAuthorLDAPDN": "CN=ghone,OU=Developers,OU=All Users,DC=cof,DC=ds,DC=mycompany,DC=com",
          "scmCommitTimestamp": 1525723131000,
          "numberOfChanges": 0,
          "timestamp": 0,
          "firstEverCommit": false
        }
      ]
    },
    "commits": [
      {
        "scmRevisionNumber": "d01c900d5216f41867b198234e8b778b79ad603f",
        "scmCommitLog": "A few updates based on NPE analysis",
        "scmAuthor": "ghthree",
        "scmAuthorLogin": "unknown",
        "scmCommitTimestamp": 1525720774000,
        "numberOfChanges": 0,
        "timestamp": 0,
        "firstEverCommit": false
      },
      {
        "scmRevisionNumber": "a3384eb60c19a2309f14d79e37397ddf756f37b9",
        "scmCommitLog": "A minor update on the import",
        "scmAuthor": "ghthree",
        "scmAuthorLogin": "unknown",
        "scmCommitTimestamp": 1525721091000,
        "numberOfChanges": 0,
        "timestamp": 0,
        "firstEverCommit": false
      },
      {
        "scmRevisionNumber": "fd5e060b914e8aaa17a41db988aeabf4656ab224",
        "scmCommitLog": "Merge pull request #5 from ghthree/master\n\nUpdates based on the NPE analysis on the API layer",
        "scmAuthor": "ghone",
        "scmAuthorLogin": "ghone",
        "scmAuthorLDAPDN": "CN=ghone,OU=Developers,OU=All Users,DC=cof,DC=ds,DC=mycompany,DC=com",
        "scmCommitTimestamp": 1525723131000,
        "numberOfChanges": 0,
        "timestamp": 0,
        "firstEverCommit": false
      }
    ],
    "codeActions": [
      {
        "type": "Commit",
        "timestamp": 1525720774000,
        "actor": "ghone",
        "actorLDAPDN": "unknown",
        "message": "A few updates based on NPE analysis"
      },
      {
        "type": "Commit",
        "timestamp": 1525721091000,
        "actor": "ghone",
        "actorLDAPDN": "unknown",
        "message": "A minor update on the import"
      },
      {
        "type": "PRCreate",
        "timestamp": 1535562375000,
        "actor": "ghone",
        "actorLDAPDN": "unknown",
        "message": "create"
      },
      {
        "type": "Review",
        "timestamp": 1535562687000,
        "actor": "ghfour",
        "actorLDAPDN": "CN=ghfour,OU=Developers,OU=All Users,DC=cof,DC=ds,DC=mycompany,DC=com",
        "message": ""
      },
      {
        "type": "PRMerge",
        "timestamp": 1535562696000,
        "actor": "ghfour",
        "actorLDAPDN": "CN=ghfour,OU=Developers,OU=All Users,DC=cof,DC=ds,DC=mycompany,DC=com",
        "message": "merged"
      }
    ],
    "scmUrl": "https://mygithub.com/Devopscode/NewPrOldCommit",
    "scmBranch": "master"
  },
  {
    "auditStatuses": [
      "GIT_FORK_STRATEGY",
      "PULLREQ_NOT_PEER_REVIEWED",
      "COMMITAUTHOR_EQ_MERGECOMMITER"
    ],
    "lastUpdated": 1535574536694,
    "pullRequest": {
      "scmUrl": "https://mygithub.com/Devopscode/NewPrOldCommit",
      "scmBranch": "master",
      "scmRevisionNumber": "03fed27426ad1b7d40dd3103d5bc92fbc67123d1",
      "scmMergeEventRevisionNumber": "03fed27426ad1b7d40dd3103d5bc92fbc67123d1",
      "scmCommitLog": "Merge from upstream.",
      "scmCommitTimestamp": 1525711881000,
      "numberOfChanges": 7,
      "id": "5b87020560bd8d3cb2e6c37a",
      "orgName": "ghone",
      "repoName": "NewPrOldCommit",
      "sourceBranch": "master",
      "targetRepo": "ghone/NewPrOldCommit",
      "targetBranch": "master",
      "number": "1",
      "collectorItemId": "5b87001e60bd8d3c47853f3d",
      "updatedAt": 1525711881000,
      "createdAt": 1525711854000,
      "closedAt": 0,
      "state": "merged",
      "mergedAt": 1525711881000,
      "mergeAuthor": "ghone",
      "mergeAuthorLDAPDN": "CN=ghone,OU=Developers,OU=All Users,DC=cof,DC=ds,DC=mycompany,DC=com",
      "timestamp": 1535574532761,
      "resolutiontime": 27000,
      "userId": "ghone",
      "comments": [],
      "reviews": [],
      "baseSha": "c7506064adcca80454cdeea8ea2010687212e40f",
      "requestType": "pull",
      "commits": [
        {
          "scmRevisionNumber": "a9eff28a8dc19d73940e93e644d8404da6fd1e45",
          "scmCommitLog": "Wording change for the open source widget",
          "scmAuthor": "ghtwo",
          "scmAuthorLogin": "ghtwo",
          "scmAuthorLDAPDN": "CN=ghtwo,OU=Developers,OU=All Users,DC=cof,DC=ds,DC=mycompany,DC=com",
          "scmCommitTimestamp": 1525698994000,
          "numberOfChanges": 0,
          "timestamp": 0,
          "firstEverCommit": false
        },
        {
          "scmRevisionNumber": "4b5fb048ff7da33ae9078b91b60e05169d309033",
          "scmCommitLog": "Merge pull request #1 from ghtwo/openSourceFix\n\nWording change for the open source widget",
          "scmAuthor": "ghone",
          "scmAuthorLogin": "ghone",
          "scmAuthorLDAPDN": "CN=ghone,OU=Developers,OU=All Users,DC=cof,DC=ds,DC=mycompany,DC=com",
          "scmCommitTimestamp": 1525699628000,
          "numberOfChanges": 0,
          "timestamp": 0,
          "firstEverCommit": false
        },
        {
          "scmRevisionNumber": "cbdab773822cd6e66af281c4f48e3afcc9ff465e",
          "scmCommitLog": "Re-add prod build\n\nThe prod build option was ommited during the recreation of this repo.",
          "scmAuthor": "ghthree",
          "scmAuthorLogin": "ghthree",
          "scmAuthorLDAPDN": "CN=ghthree,OU=Developers,OU=All Users,DC=cof,DC=ds,DC=mycompany,DC=com",
          "scmCommitTimestamp": 1525709646000,
          "numberOfChanges": 0,
          "timestamp": 0,
          "firstEverCommit": false
        },
        {
          "scmRevisionNumber": "401ebb53f23d653722a9cfa054a7bb2da9a65479",
          "scmCommitLog": "Merge pull request #2 from ghone/master\n\nRemove Hygieia core dependencies. Set Hygieia Exec version to 1.0.0-Sâ€¦",
          "scmAuthor": "ghtwo",
          "scmAuthorLogin": "ghtwo",
          "scmAuthorLDAPDN": "CN=ghtwo,OU=Developers,OU=All Users,DC=cof,DC=ds,DC=mycompany,DC=com",
          "scmCommitTimestamp": 1525709702000,
          "numberOfChanges": 0,
          "timestamp": 0,
          "firstEverCommit": false
        },
        {
          "scmRevisionNumber": "22a13973f314d63f83c279bb116ab1f9c72c0a98",
          "scmCommitLog": "Merge pull request #3 from ghfour/master\n\nRe-add prod build",
          "scmAuthor": "ghtwo",
          "scmAuthorLogin": "ghtwo",
          "scmAuthorLDAPDN": "CN=ghtwo,OU=Developers,OU=All Users,DC=cof,DC=ds,DC=mycompany,DC=com",
          "scmCommitTimestamp": 1525709735000,
          "numberOfChanges": 0,
          "timestamp": 0,
          "firstEverCommit": false
        },
        {
          "scmRevisionNumber": "333c72a2f289d1328bf3d830bcfc52e5cadb2069",
          "scmCommitLog": "Updating poms to match",
          "scmAuthor": "ghtwo",
          "scmAuthorLogin": "ghtwo",
          "scmAuthorLDAPDN": "CN=ghtwo,OU=Developers,OU=All Users,DC=cof,DC=ds,DC=mycompany,DC=com",
          "scmCommitTimestamp": 1525711414000,
          "numberOfChanges": 0,
          "timestamp": 0,
          "firstEverCommit": false
        },
        {
          "scmRevisionNumber": "983325f1725ecc1daf1996198669184b86d4b3da",
          "scmCommitLog": "Merge pull request #4 from ghtwo/pomUpdates\n\nUpdating poms to match",
          "scmAuthor": "ghone",
          "scmAuthorLogin": "ghone",
          "scmAuthorLDAPDN": "CN=ghone,OU=Developers,OU=All Users,DC=cof,DC=ds,DC=mycompany,DC=com",
          "scmCommitTimestamp": 1525711546000,
          "numberOfChanges": 0,
          "timestamp": 0,
          "firstEverCommit": false
        }
      ]
    },
    "commits": [
      {
        "scmRevisionNumber": "a9eff28a8dc19d73940e93e644d8404da6fd1e45",
        "scmCommitLog": "Wording change for the open source widget",
        "scmAuthor": "ghtwo",
        "scmAuthorLogin": "ghtwo",
        "scmAuthorLDAPDN": "CN=ghtwo,OU=Developers,OU=All Users,DC=cof,DC=ds,DC=mycompany,DC=com",
        "scmCommitTimestamp": 1525698994000,
        "numberOfChanges": 0,
        "timestamp": 0,
        "firstEverCommit": false
      },
      {
        "scmRevisionNumber": "4b5fb048ff7da33ae9078b91b60e05169d309033",
        "scmCommitLog": "Merge pull request #1 from ghtwo/openSourceFix\n\nWording change for the open source widget",
        "scmAuthor": "ghone",
        "scmAuthorLogin": "ghone",
        "scmAuthorLDAPDN": "CN=ghone,OU=Developers,OU=All Users,DC=cof,DC=ds,DC=mycompany,DC=com",
        "scmCommitTimestamp": 1525699628000,
        "numberOfChanges": 0,
        "timestamp": 0,
        "firstEverCommit": false
      },
      {
        "scmRevisionNumber": "cbdab773822cd6e66af281c4f48e3afcc9ff465e",
        "scmCommitLog": "Re-add prod build\n\nThe prod build option was ommited during the recreation of this repo.",
        "scmAuthor": "ghthree",
        "scmAuthorLogin": "ghthree",
        "scmAuthorLDAPDN": "CN=ghthree,OU=Developers,OU=All Users,DC=cof,DC=ds,DC=mycompany,DC=com",
        "scmCommitTimestamp": 1525709646000,
        "numberOfChanges": 0,
        "timestamp": 0,
        "firstEverCommit": false
      },
      {
        "scmRevisionNumber": "401ebb53f23d653722a9cfa054a7bb2da9a65479",
        "scmCommitLog": "Merge pull request #2 from ghone/master\n\nRemove Hygieia core dependencies. Set Hygieia Exec version to 1.0.0-Sâ€¦",
        "scmAuthor": "ghtwo",
        "scmAuthorLogin": "ghtwo",
        "scmAuthorLDAPDN": "CN=ghtwo,OU=Developers,OU=All Users,DC=cof,DC=ds,DC=mycompany,DC=com",
        "scmCommitTimestamp": 1525709702000,
        "numberOfChanges": 0,
        "timestamp": 0,
        "firstEverCommit": false
      },
      {
        "scmRevisionNumber": "22a13973f314d63f83c279bb116ab1f9c72c0a98",
        "scmCommitLog": "Merge pull request #3 from ghfour/master\n\nRe-add prod build",
        "scmAuthor": "ghtwo",
        "scmAuthorLogin": "ghtwo",
        "scmAuthorLDAPDN": "CN=ghtwo,OU=Developers,OU=All Users,DC=cof,DC=ds,DC=mycompany,DC=com",
        "scmCommitTimestamp": 1525709735000,
        "numberOfChanges": 0,
        "timestamp": 0,
        "firstEverCommit": false
      },
      {
        "scmRevisionNumber": "333c72a2f289d1328bf3d830bcfc52e5cadb2069",
        "scmCommitLog": "Updating poms to match",
        "scmAuthor": "ghtwo",
        "scmAuthorLogin": "ghtwo",
        "scmAuthorLDAPDN": "CN=ghtwo,OU=Developers,OU=All Users,DC=cof,DC=ds,DC=mycompany,DC=com",
        "scmCommitTimestamp": 1525711414000,
        "numberOfChanges": 0,
        "timestamp": 0,
        "firstEverCommit": false
      },
      {
        "scmRevisionNumber": "983325f1725ecc1daf1996198669184b86d4b3da",
        "scmCommitLog": "Merge pull request #4 from ghtwo/pomUpdates\n\nUpdating poms to match",
        "scmAuthor": "ghone",
        "scmAuthorLogin": "ghone",
        "scmAuthorLDAPDN": "CN=ghone,OU=Developers,OU=All Users,DC=cof,DC=ds,DC=mycompany,DC=com",
        "scmCommitTimestamp": 1525711546000,
        "numberOfChanges": 0,
        "timestamp": 0,
        "firstEverCommit": false
      }
    ],
    "scmUrl": "https://mygithub.com/Devopscode/NewPrOldCommit",
    "scmBranch": "master"
  },
  {
    "auditStatuses": [
      "DIRECT_COMMITS_TO_BASE_FIRST_COMMIT",
      "DIRECT_COMMITS_TO_BASE",
      "SCM_AUTHOR_LOGIN_INVALID"
    ],
    "lastUpdated": 1535574536694,
    "commits": [
      {
        "scmUrl": "https://mygithub.com/Devopscode/NewPrOldCommit",
        "scmBranch": "master",
        "scmRevisionNumber": "4a6807f47a958af17584dc044c5cb6e76cb7d76a",
        "scmCommitLog": "Remove Hygieia core dependencies. Set Hygieia Exec version to 1.0.0-SNAPSHOT",
        "scmAuthor": "ghone",
        "scmAuthorLogin": "ghone",
        "scmAuthorLDAPDN": "CN=ghone,OU=Developers,OU=All Users,DC=cof,DC=ds,DC=mycompany,DC=com",
        "scmParentRevisionNumbers": [
          "70150984620dca5a5f4425a79cf31f8865c3a394"
        ],
        "scmCommitTimestamp": 1525709284000,
        "numberOfChanges": 1,
        "type": "New",
        "id": "5b87020460bd8d3cb2e6c371",
        "collectorItemId": "5b87001e60bd8d3c47853f3d",
        "timestamp": 1535574532820,
        "firstEverCommit": false
      },
      {
        "scmUrl": "https://mygithub.com/Devopscode/NewPrOldCommit",
        "scmBranch": "master",
        "scmRevisionNumber": "70150984620dca5a5f4425a79cf31f8865c3a394",
        "scmCommitLog": "Adding the ui module",
        "scmAuthor": "ghthree",
        "scmAuthorLogin": "unknown",
        "scmParentRevisionNumbers": [
          "25c133605d9accaac35822d9fcd7008b8c88b89e"
        ],
        "scmCommitTimestamp": 1525452009000,
        "numberOfChanges": 1,
        "type": "New",
        "id": "5b87020460bd8d3cb2e6c374",
        "collectorItemId": "5b87001e60bd8d3c47853f3d",
        "timestamp": 1535574532820,
        "firstEverCommit": false
      },
      {
        "scmUrl": "https://mygithub.com/Devopscode/NewPrOldCommit",
        "scmBranch": "master",
        "scmRevisionNumber": "25c133605d9accaac35822d9fcd7008b8c88b89e",
        "scmCommitLog": "Adding the exec-core module",
        "scmAuthor": "ghthree",
        "scmAuthorLogin": "unknown",
        "scmParentRevisionNumbers": [
          "6d479a2d744becd5dfceab2fe8457a8b13e431a8"
        ],
        "scmCommitTimestamp": 1525451860000,
        "numberOfChanges": 1,
        "type": "New",
        "id": "5b87020460bd8d3cb2e6c375",
        "collectorItemId": "5b87001e60bd8d3c47853f3d",
        "timestamp": 1535574532820,
        "firstEverCommit": false
      },
      {
        "scmUrl": "https://mygithub.com/Devopscode/NewPrOldCommit",
        "scmBranch": "master",
        "scmRevisionNumber": "6d479a2d744becd5dfceab2fe8457a8b13e431a8",
        "scmCommitLog": "Adding the api module",
        "scmAuthor": "ghthree",
        "scmAuthorLogin": "unknown",
        "scmParentRevisionNumbers": [
          "c8453dc2fbbe6d6bd270836b023597709d7489d8"
        ],
        "scmCommitTimestamp": 1525451751000,
        "numberOfChanges": 1,
        "type": "New",
        "id": "5b87020460bd8d3cb2e6c376",
        "collectorItemId": "5b87001e60bd8d3c47853f3d",
        "timestamp": 1535574532820,
        "firstEverCommit": false
      },
      {
        "scmUrl": "https://mygithub.com/Devopscode/NewPrOldCommit",
        "scmBranch": "master",
        "scmRevisionNumber": "c8453dc2fbbe6d6bd270836b023597709d7489d8",
        "scmCommitLog": "Adding the analysis module",
        "scmAuthor": "ghthree",
        "scmAuthorLogin": "unknown",
        "scmParentRevisionNumbers": [
          "59195ea8a9c32c1ab3c991faee1825fe40cac550"
        ],
        "scmCommitTimestamp": 1525451623000,
        "numberOfChanges": 1,
        "type": "New",
        "id": "5b87020460bd8d3cb2e6c377",
        "collectorItemId": "5b87001e60bd8d3c47853f3d",
        "timestamp": 1535574532820,
        "firstEverCommit": false
      },
      {
        "scmUrl": "https://mygithub.com/Devopscode/NewPrOldCommit",
        "scmBranch": "master",
        "scmRevisionNumber": "59195ea8a9c32c1ab3c991faee1825fe40cac550",
        "scmCommitLog": "Initial commit",
        "scmAuthor": "ghthree",
        "scmAuthorLogin": "ghthree",
        "scmAuthorLDAPDN": "CN=ghthree,OU=Developers,OU=All Users,DC=cof,DC=ds,DC=mycompany,DC=com",
        "scmParentRevisionNumbers": [],
        "scmCommitTimestamp": 1525451017000,
        "numberOfChanges": 1,
        "type": "New",
        "id": "5b87020460bd8d3cb2e6c378",
        "collectorItemId": "5b87001e60bd8d3c47853f3d",
        "timestamp": 1535574532876,
        "firstEverCommit": true
      }
    ],
    "scmUrl": "https://mygithub.com/Devopscode/NewPrOldCommit",
    "scmBranch": "master"
  }
]