[
  {
    "auditStatuses": [
      "GIT_FORK_STRATEGY",
      "PULLREQ_REVIEWED_BY_PEER",
      "COMMITAUTHOR_NE_MERGECOMMITER",
      "PEER_REVIEW_GHR"
    ],
    "lastUpdated": 1535574536694,
    "pullRequest": {
      "scmUrl": "https://mygithub.com/Devopscode/NewPrOldCommit",
      "scmBranch": "master",
      "scmRevisionNumber": "c7506064adcca80454cdeea8ea2010687212e40f",
      "scmMergeEventRevisionNumber": "c7506064adcca80454cdeea8ea2010687212e40f",
      "scmCommitLog": "Test merge",
      "scmCommitTimestamp": 1535562696000,
      "numberOfChanges": 3,
      "id": "5b87020560bd8d3cb2e6c379",
      "orgName": "ghone",
      "repoName": "NewPrOldCommit",
      "sourceRepo": "ghtwo/NewPrOldCommit",
      "sourceBranch": "master",
      "targetRepo": "ghone/NewPrOldCommit",
      "targetBranch": "master",
      "number": "2",
      "collectorItemId": "5b87001e60bd8d3c47853f3d",
      "updatedAt": 1535562696000,
      "createdAt": 1535562375000,
      "closedAt": 0,
      "state": "merged",
      "mergedAt": 1535562696000,
      "mergeAuthor": "ghfour",
      "mergeAuthorLDAPDN": "CN=ghfour,OU=Developers,OU=All Users,DC=cof,DC=ds,DC=mycompany,DC=com",
      "timestamp": 1535574532625,
      "resolutiontime": 321000,
      "userId": "ghone",
      "comments": [],
      "reviews": [
        {
          "body": "",
          "state": "APPROVED",
          "author": "ghfour",
          "authorLDAPDN": "CN=ghfour,OU=Developers,OU=All Users,DC=cof,DC=ds,DC=mycompany,DC=com",
          "createdAt": 1535562687000,
          "updatedAt": 1535562687000
        }
      ],
      "headSha": "fd5e060b914e8aaa17a41db988aeabf4656ab224",
      "baseSha": "c7506064adcca80454cdeea8ea2010687212e40f",
      "requestType": "pull",
      "commits": [
        {
          "scmRevisionNumber": "d01c900d5216f41867b198234e8b778b79ad603f",
          "scmCommitLog": "A few updates based on NPE analysis",
          "scmAuthor": "ghthree",
          "scmAuthorLogin": "unknown",
          "scmCommitTimestamp": 1525720774000,
          "numberOfChanges": 0,
          "timestamp": 0,
          "firstEverCommit": false
        },
        {
          "scmRevisionNumber": "a3384eb60c19a2309f14d79e37397ddf756f37b9",
          "scmCommitLog": "A minor update on the import",
          "scmAuthor": "ghthree",
          "scmAuthorLogin": "unknown",
          "scmCommitTimestamp": 1525721091000,
          "numberOfChanges": 0,
          "timestamp": 0,
          "firstEverCommit": false
        },
        {
          "scmRevisionNumber": "fd5e060b914e8aaa17a41db988aeabf4656ab224",
          "scmCommitLog": "Merge pull request #5 from ghthree/master\n\nUpdates based on the NPE analysis on the API layer",
          "scmAuthor": "ghone",
          "scmAuthorLogin": "ghone",
          "scmAuthorLDAPDN": "CN=ghone,OU=Developers,OU=All Users,DC=cof,DC=ds,DC=mycompany,DC=com",
          "scmCommitTimestamp": 1525723131000,
          "numberOfChanges": 0,
          "timestamp": 0,
          "firstEverCommit": false
        }
      ]
    },
    "commits": [
      {
        "scmRevisionNumber": "d01c900d5216f41867b198234e8b778b79ad603f",
        "scmCommitLog": "A few updates based on NPE analysis",
        "scmAuthor": "ghthree",
        "scmAuthorLogin": "unknown",
        "scmCommitTimestamp": 1525720774000,
        "numberOfChanges": 0,
        "timestamp": 0,
        "firstEverCommit": false
      },
      {
        "scmRevisionNumber": "a3384eb60c19a2309f14d79e37397ddf756f37b9",
        "scmCommitLog": "A minor update on the import",
        "scmAuthor": "ghthree",
        "scmAuthorLogin": "unknown",
        "scmCommitTimestamp": 1525721091000,
        "numberOfChanges": 0,
        "timestamp": 0,
        "firstEverCommit": false
      },
      {
        "scmRevisionNumber": "fd5e060b914e8aaa17a41db988aeabf4656ab224",
        "scmCommitLog": "Merge pull request #5 from ghthree/master\n\nUpdates based on the NPE analysis on the API layer",
        "scmAuthor": "ghone",
        "scmAuthorLogin": "ghone",
        "scmAuthorLDAPDN": "CN=ghone,OU=Developers,OU=All Users,DC=cof,DC=ds,DC=mycompany,DC=com",
        "scmCommitTimestamp": 1525723131000,
        "numberOfChanges": 0,
        "timestamp": 0,
        "firstEverCommit": false
      }
    ],
    "codeActions": [
      {
        "type": "Commit",
        "timestamp": 1525720774000,
        "actor": "ghone",
        "actorLDAPDN": "unknown",
        "message": "A few updates based on NPE analysis"
      },
      {
        "type": "Commit",
        "timestamp": 1525721091000,
        "actor": "ghone",
        "actorLDAPDN": "unknown",
        "message": "A minor update on the import"
      },
      {
        "type": "PRCreate",
        "timestamp": 1535562375000,
        "actor": "ghone",
        "actorLDAPDN": "unknown",
        "message": "create"
      },
      {
        "type": "Review",
        "timestamp": 1535562687000,
        "actor": "ghfour",
        "actorLDAPDN": "CN=ghfour,OU=Developers,OU=All Users,DC=cof,DC=ds,DC=mycompany,DC=com",
        "message": ""
      },
      {
        "type": "PRMerge",
        "timestamp": 1535562696000,
        "actor": "ghfour",
        "actorLDAPDN": "CN=ghfour,OU=Developers,OU=All Users,DC=cof,DC=ds,DC=mycompany,DC=com",
        "message": "merged"
      }
    ],
    "scmUrl": "https://mygithub.com/Devopscode/NewPrOldCommit",
    "scmBranch": "master"
  }
]