[
    {
        "auditStatuses": [
            "GIT_FORK_STRATEGY",
            "COMMITAUTHOR_EQ_MERGECOMMITER",
            "PULLREQ_NOT_PEER_REVIEWED"
        ],
        "lastUpdated": 1516207279841,
        "pullRequest": {
            "scmUrl": "https://mygithub.com/Devopscode/NormalMerge",
            "scmBranch": "master",
            "scmRevisionNumber": "6a5c56e4f5c9e72702af77c4d69030f44188a80b",
            "scmCommitLog": "pr from fork",
            "scmCommitTimestamp": 1513102179000,
            "numberOfChanges": 0,
            "id": "5a5f77a16fa3ba5285b97539",
            "orgName": "Devopscode",
            "repoName": "NormalMerge",
            "sourceRepo": "ghtwo/NormalMerge",
            "sourceBranch": "master",
            "targetRepo": "Devopscode/NormalMerge",
            "targetBranch": "master",
            "number": "1",
            "collectorItemId": "5a4e549e33ec296b81c3938b",
            "updatedAt": 1513102179000,
            "createdAt": 1513102167000,
            "closedAt": 0,
            "state": "merged",
            "mergedAt": 1513102179000,
            "timestamp": 1513102167000,
            "resolutiontime": 0,
            "userId": "ghtwo",
            "comments": [],
            "reviews": [],
            "headSha": "204a0983489cf263e0cf6e058e630a74498f9e34",
            "baseSha": "ee72b85052566d33a83dd57f22137ddcd9285dfd",
            "requestType": "pull",
            "commits": [
                {
                    "scmRevisionNumber": "613330d0d6482f9e56d09051ff4cd082238c8f21",
                    "scmCommitLog": "Third fork commit",
                    "scmAuthor": "Author, Two",
                    "scmAuthorLogin": "ghtwo",
                    "scmParentRevisionNumbers": [
                        "1ca6c08c7435be134b51f44325527667982afee1"
                    ],
                    "scmCommitTimestamp": 1513102119000,
                    "numberOfChanges": 0,
                    "timestamp": 0,
                    "firstEverCommit": false
                },
                {
                    "scmRevisionNumber": "204a0983489cf263e0cf6e058e630a74498f9e34",
                    "scmCommitLog": "Fourth fork commit",
                    "scmAuthor": "Author, Two",
                    "scmAuthorLogin": "ghtwo",
                    "scmParentRevisionNumbers": [
                        "613330d0d6482f9e56d09051ff4cd082238c8f21"
                    ],
                    "scmCommitTimestamp": 1513102135000,
                    "numberOfChanges": 0,
                    "timestamp": 0,
                    "firstEverCommit": false
                }
            ]
        },
        "commits": [
            {
                "scmRevisionNumber": "613330d0d6482f9e56d09051ff4cd082238c8f21",
                "scmCommitLog": "Third fork commit",
                "scmAuthor": "Author, Two",
                "scmAuthorLogin": "ghtwo",
                "scmParentRevisionNumbers": [
                    "1ca6c08c7435be134b51f44325527667982afee1"
                ],
                "scmCommitTimestamp": 1513102119000,
                "numberOfChanges": 0,
                "timestamp": 0,
                "firstEverCommit": false
            },
            {
                "scmRevisionNumber": "204a0983489cf263e0cf6e058e630a74498f9e34",
                "scmCommitLog": "Fourth fork commit",
                "scmAuthor": "Author, Two",
                "scmAuthorLogin": "ghtwo",
                "scmParentRevisionNumbers": [
                    "613330d0d6482f9e56d09051ff4cd082238c8f21"
                ],
                "scmCommitTimestamp": 1513102135000,
                "numberOfChanges": 0,
                "timestamp": 0,
                "firstEverCommit": false
            }
        ],
        "scmUrl": "https://mygithub.com/Devopscode/NormalMerge",
        "scmBranch": "master"
    },
    {
        "auditStatuses": [
            "SCM_AUTHOR_LOGIN_INVALID",
            "DIRECT_COMMITS_TO_BASE_FIRST_COMMIT",
            "DIRECT_COMMITS_TO_BASE"
        ],
        "lastUpdated": 1516207279841,
        "commits": [
            {
                "scmUrl": "https://mygithub.com/Devopscode/NormalMerge",
                "scmBranch": "master",
                "scmRevisionNumber": "ee72b85052566d33a83dd57f22137ddcd9285dfd",
                "scmCommitLog": "Sixth direct commit",
                "scmAuthor": "Author, Two",
                "scmAuthorLogin": "ghtwo",
                "scmParentRevisionNumbers": [
                    "6a5c56e4f5c9e72702af77c4d69030f44188a80b"
                ],
                "scmCommitTimestamp": 1513102244000,
                "numberOfChanges": 1,
                "type": "New",
                "id": "5a5f77a06fa3ba5285b97533",
                "collectorItemId": "5a4e549e33ec296b81c3938b",
                "timestamp": 1516205984995,
                "firstEverCommit": false
            },
            {
                "scmUrl": "https://mygithub.com/Devopscode/NormalMerge",
                "scmBranch": "master",
                "scmRevisionNumber": "1ca6c08c7435be134b51f44325527667982afee1",
                "scmCommitLog": "Second direct commit",
                "scmAuthor": "Author, Two",
                "scmAuthorLogin": "ghtwo",
                "scmParentRevisionNumbers": [
                    "8b89177aa00d7c8cba7adf8d46bea51964380b7c"
                ],
                "scmCommitTimestamp": 1513102085000,
                "numberOfChanges": 1,
                "type": "New",
                "id": "5a5f77a06fa3ba5285b97537",
                "collectorItemId": "5a4e549e33ec296b81c3938b",
                "timestamp": 1516205984995,
                "firstEverCommit": false
            },
            {
                "scmUrl": "https://mygithub.com/Devopscode/NormalMerge",
                "scmBranch": "master",
                "scmRevisionNumber": "8b89177aa00d7c8cba7adf8d46bea51964380b7c",
                "scmCommitLog": "First direct commit",
                "scmAuthor": "Author, Two",
                "scmAuthorLogin": "ghtwo",
                "scmParentRevisionNumbers": [],
                "scmCommitTimestamp": 1513102069000,
                "numberOfChanges": 1,
                "type": "New",
                "id": "5a5f77a06fa3ba5285b97538",
                "collectorItemId": "5a4e549e33ec296b81c3938b",
                "timestamp": 1516205984995,
                "firstEverCommit": true
            }
        ],
        "scmUrl": "https://mygithub.com/Devopscode/NormalMerge",
        "scmBranch": "master"
    }
]