[
    {
        "auditStatuses": [
            "SCM_AUTHOR_LOGIN_INVALID",
            "DIRECT_COMMITS_TO_BASE_FIRST_COMMIT",
            "DIRECT_COMMITS_TO_BASE"
        ],
        "lastUpdated": 1516207281398,
        "commits": [
            {
                "scmUrl": "https://mygithub.com/Devopscode/OpenBranchPr",
                "scmBranch": "master",
                "scmRevisionNumber": "ea0a0eb5000ecf21a067ce4fa7a1f1d3881b4efa",
                "scmCommitLog": "Sixth direct commit",
                "scmAuthor": "Author, Two",
                "scmAuthorLogin": "ghtwo",
                "scmParentRevisionNumbers": [
                    "be949ac4862f52e262b5b54f87b5499b3632d33b"
                ],
                "scmCommitTimestamp": 1513103685000,
                "numberOfChanges": 1,
                "type": "New",
                "id": "5a5f77a26fa3ba5285b9754c",
                "collectorItemId": "5a4e551233ec296b81c3939f",
                "timestamp": 1516205986001,
                "firstEverCommit": false
            },
            {
                "scmUrl": "https://mygithub.com/Devopscode/OpenBranchPr",
                "scmBranch": "master",
                "scmRevisionNumber": "be949ac4862f52e262b5b54f87b5499b3632d33b",
                "scmCommitLog": "Fifth direct commit",
                "scmAuthor": "Author, Two",
                "scmAuthorLogin": "ghtwo",
                "scmParentRevisionNumbers": [
                    "cf17e1bfb82f815023b28e002aef85f54058ad11"
                ],
                "scmCommitTimestamp": 1513103671000,
                "numberOfChanges": 1,
                "type": "New",
                "id": "5a5f77a26fa3ba5285b9754d",
                "collectorItemId": "5a4e551233ec296b81c3939f",
                "timestamp": 1516205986001,
                "firstEverCommit": false
            },
            {
                "scmUrl": "https://mygithub.com/Devopscode/OpenBranchPr",
                "scmBranch": "master",
                "scmRevisionNumber": "cf17e1bfb82f815023b28e002aef85f54058ad11",
                "scmCommitLog": "Second direct commit",
                "scmAuthor": "Author, Two",
                "scmAuthorLogin": "ghtwo",
                "scmParentRevisionNumbers": [
                    "721977d6d036d30f481937483d43a705d45fb49d"
                ],
                "scmCommitTimestamp": 1513103585000,
                "numberOfChanges": 1,
                "type": "New",
                "id": "5a5f77a26fa3ba5285b9754e",
                "collectorItemId": "5a4e551233ec296b81c3939f",
                "timestamp": 1516205986001,
                "firstEverCommit": false
            },
            {
                "scmUrl": "https://mygithub.com/Devopscode/OpenBranchPr",
                "scmBranch": "master",
                "scmRevisionNumber": "721977d6d036d30f481937483d43a705d45fb49d",
                "scmCommitLog": "First direct commit",
                "scmAuthor": "Author, Two",
                "scmAuthorLogin": "ghtwo",
                "scmParentRevisionNumbers": [],
                "scmCommitTimestamp": 1513103571000,
                "numberOfChanges": 1,
                "type": "New",
                "id": "5a5f77a26fa3ba5285b9754f",
                "collectorItemId": "5a4e551233ec296b81c3939f",
                "timestamp": 1516205986001,
                "firstEverCommit": true
            }
        ],
        "scmUrl": "https://mygithub.com/Devopscode/OpenBranchPr",
        "scmBranch": "master"
    }
]