[
    {
        "auditStatuses": [
            "SCM_AUTHOR_LOGIN_INVALID",
            "DIRECT_COMMITS_TO_BASE_FIRST_COMMIT",
            "DIRECT_COMMITS_TO_BASE"
        ],
        "lastUpdated": 1516207281058,
        "commits": [
            {
                "scmUrl": "https://mygithub.com/Devopscode/OpenForkPr",
                "scmBranch": "master",
                "scmRevisionNumber": "d0a5c26c3d5cfdff3cf8f925be933e0e936c533b",
                "scmCommitLog": "Sixth direct commit",
                "scmAuthor": "Author, Two",
                "scmAuthorLogin": "ghtwo",
                "scmParentRevisionNumbers": [
                    "b0b3b4e5c8480a5c520e2864bb98f500573d76b8"
                ],
                "scmCommitTimestamp": 1513103323000,
                "numberOfChanges": 1,
                "type": "New",
                "id": "5a5f77a16fa3ba5285b97547",
                "collectorItemId": "5a4e54f633ec296b81c3939a",
                "timestamp": 1516205985739,
                "firstEverCommit": false
            },
            {
                "scmUrl": "https://mygithub.com/Devopscode/OpenForkPr",
                "scmBranch": "master",
                "scmRevisionNumber": "b0b3b4e5c8480a5c520e2864bb98f500573d76b8",
                "scmCommitLog": "Fifth direct commit",
                "scmAuthor": "Author, Two",
                "scmAuthorLogin": "ghtwo",
                "scmParentRevisionNumbers": [
                    "b2a0fd195a5322161e72cdcea66729d8b94da4f6"
                ],
                "scmCommitTimestamp": 1513103310000,
                "numberOfChanges": 1,
                "type": "New",
                "id": "5a5f77a16fa3ba5285b97548",
                "collectorItemId": "5a4e54f633ec296b81c3939a",
                "timestamp": 1516205985739,
                "firstEverCommit": false
            },
            {
                "scmUrl": "https://mygithub.com/Devopscode/OpenForkPr",
                "scmBranch": "master",
                "scmRevisionNumber": "b2a0fd195a5322161e72cdcea66729d8b94da4f6",
                "scmCommitLog": "Second direct commit",
                "scmAuthor": "Author, Two",
                "scmAuthorLogin": "ghtwo",
                "scmParentRevisionNumbers": [
                    "e3e1162e8abb353bcdf49f9d63f8f8f581df5b67"
                ],
                "scmCommitTimestamp": 1513103168000,
                "numberOfChanges": 1,
                "type": "New",
                "id": "5a5f77a16fa3ba5285b97549",
                "collectorItemId": "5a4e54f633ec296b81c3939a",
                "timestamp": 1516205985739,
                "firstEverCommit": false
            },
            {
                "scmUrl": "https://mygithub.com/Devopscode/OpenForkPr",
                "scmBranch": "master",
                "scmRevisionNumber": "e3e1162e8abb353bcdf49f9d63f8f8f581df5b67",
                "scmCommitLog": "First direct commit",
                "scmAuthor": "Author, Two",
                "scmAuthorLogin": "ghtwo",
                "scmParentRevisionNumbers": [],
                "scmCommitTimestamp": 1513103153000,
                "numberOfChanges": 1,
                "type": "New",
                "id": "5a5f77a16fa3ba5285b9754a",
                "collectorItemId": "5a4e54f633ec296b81c3939a",
                "timestamp": 1516205985739,
                "firstEverCommit": true
            }
        ],
        "scmUrl": "https://mygithub.com/Devopscode/OpenForkPr",
        "scmBranch": "master"
    }
]