
{
  "auditStatuses": [
    "DASHBOARD_PERFORMANCE_TEST_CONFIGURED"
  ],
  "lastUpdated": 0,
  "dashboardTitle": "TestSSA",
  "businessService": "TestBusServ",
  "businessApplication": "confItem",
  "review": {
    "PERF_TEST": [
      {
        "auditStatuses": [
          "PERF_RESULT_AUDIT_OK",
          "PERFORMANCE_THRESHOLD_RESPONSE_TIME_MET",
          "PERFORMANCE_THRESHOLD_TRANSACTIONS_PER_SECOND_MET",
          "PERFORMANCE_THRESHOLD_ERROR_RATE_MET",
          "PERFORMANCE_COMMIT_IS_CURRENT",
          "PERFORMANCE_THRESHOLDS_ERROR_RATE_FOUND",
          "PERFORMANCE_THRESHOLDS_TRANSACTIONS_PER_SECOND_FOUND",
          "PERFORMANCE_THRESHOLDS_RESPONSE_TIME_FOUND",
          "PERFORMANCE_MET"
        ],
        "lastUpdated": 0,
        "lastExecutionTime": 1522623841000,
        "result": [
          {
            "testName": "paribus-retail:Default-Jmeter-3.3",
            "timeStamp": 1523505798000,
            "runId": "60c8133f-7886-4908-8aea-f9c9162bee19",
            "startTime": 1522623841000,
            "endTime": 1526505798000,
            "resultStatus": "Success",
            "perfIndicators": [
              {
                "type": "KPI : Avg response times",
                "target": 5000,
                "achieved": 16.4,
                "status": "Success"
              },
              {
                "type": "KPI : Transaction Per Second",
                "target": 3,
                "achieved": 4.75,
                "status": "Success"
              },
              {
                "type": "KPI : Error Rate Threshold",
                "target": 1,
                "achieved": 0,
                "status": "Success"
              }
            ]
          },
          {
            "testName": "paribus-retail:Default-Jmeter-3.3",
            "timeStamp": 1523505798000,
            "runId": "60c8133f-7886-4908-8aea-f9c9162bee19",
            "startTime": 1522623841000,
            "endTime": 1526505798000,
            "resultStatus": "Success",
            "perfIndicators": [
              {
                "type": "KPI : Avg response times",
                "target": 5000,
                "achieved": 16.4,
                "status": "Success"
              },
              {
                "type": "KPI : Transaction Per Second",
                "target": 3,
                "achieved": 4.75,
                "status": "Success"
              },
              {
                "type": "KPI : Error Rate Threshold",
                "target": 1,
                "achieved": 0,
                "status": "Success"
              }
            ]
          }
        ]
      }
    ]
  }
}