[{
  "collectorId" : "5c38f2f087cd1f53ca81bd3d",
  "teamId" : "8",
  "name" : "TestBoard scrum 1",
  "changeDate" : "",
  "assetState" : "Active",
  "isDeleted" : "False",
  "enabled" : false,
  "teamType" : "scrum",
  "lastCollected" : 0
},
{
  "collectorId" : "5c38f2f087cd1f53ca81bd3d",
  "teamId" : "16",
  "name" : "TestBoard scrum 2",
  "changeDate" : "",
  "assetState" : "Active",
  "isDeleted" : "False",
  "enabled" : false,
  "teamType" : "scrum",
  "lastCollected" : 0
},
{
  "collectorId" : "5c38f2f087cd1f53ca81bd3d",
  "teamId" : "17",
  "name" : "TestBoard kanban 1",
  "changeDate" : "",
  "assetState" : "Active",
  "isDeleted" : "False",
  "enabled" : false,
  "teamType" : "kanban",
  "lastCollected" : 0
},
{
  "collectorId" : "5c38f2f087cd1f53ca81bd3d",
  "teamId" : "125",
  "name" : "TestBoard kanban 2",
  "changeDate" : "",
  "assetState" : "Active",
  "isDeleted" : "False",
  "enabled" : false,
  "teamType" : "kanban",
  "lastCollected" : 0
}
]