[{
  "collectorId" : "5c38f2f087cd1f53ca81bd3d",
  "sId" : "3861672",
  "sNumber" : "WO-2014",
  "sName" : "Orchestrate TEST Stuff API",
  "sTypeId" : "7",
  "sTypeName" : "Story",
  "sStatus" : "Done",
  "sState" : "Done",
  "sEstimate" : "2",
  "sEstimateTime" : 0,
  "sUrl" : "https://jira.com/browse/WO-2014",
  "changeDate" : "2019-01-10T10:44:37.000-0500",
  "isDeleted" : "False",
  "sOwnersID" : [
    "abc123"
  ],
  "sOwnersIsDeleted" : [],
  "sOwnersChangeDate" : [],
  "sOwnersState" : [
    "Active"
  ],
  "sOwnersUsername" : [
    "abc123"
  ],
  "sOwnersFullName" : [
    "Topo"
  ],
  "sOwnersShortName" : [
    "abc123"
  ],
  "sTeamIsDeleted" : "False",
  "sTeamAssetState" : "",
  "sTeamChangeDate" : "",
  "sTeamName" : "TestBoard kanban 3",
  "sTeamID" : "999",
  "sSprintIsDeleted" : "False",
  "sSprintChangeDate" : "",
  "sSprintAssetState" : "active",
  "sSprintEndDate" : "2019-01-16T09:00:00.000-05:00",
  "sSprintBeginDate" : "2019-01-02T09:00:38.902-05:00",
  "sSprintName" : "TEST - Sprint 35",
  "sSprintID" : "54398",
  "sSprintUrl" : "https://jira.com/secure/RapidBoard.jspa?rapidView=6823&view=reporting&chart=sprintRetrospective&sprint=54398",
  "sEpicIsDeleted" : "false",
  "sEpicChangeDate" : "2019-01-15T11:17:35.360-0500",
  "sEpicAssetState" : "Backlog",
  "sEpicType" : "",
  "sEpicEndDate" : "",
  "sEpicBeginDate" : "2018-10-10T10:44:29.290-0400",
  "sEpicName" : "Edge TEST stories",
  "sEpicUrl" : "https://jira.com/browse/WO-1897",
  "sEpicNumber" : "WO-1897",
  "sEpicID" : "3641923",
  "sProjectPath" : "",
  "sProjectIsDeleted" : "False",
  "sProjectState" : "",
  "sProjectChangeDate" : "",
  "sProjectEndDate" : "",
  "sProjectBeginDate" : "",
  "sProjectName" : "TEST Orchestrator",
  "sProjectID" : "12515",
  "issueLinks" : [
    {
      "targetIssueKey" : "WO-1926",
      "targetIssueUri" : "https://jira.com/rest/api/2/issue/3679947",
      "issueLinkName" : "Cloners",
      "issueLinkType" : "clones",
      "issueLinkDirection" : "OUTBOUND"
    }
  ]
}
]